// Jest Snapshot v1, https://goo.gl/fbAQLP

exports[`TopBar Component TopBar component renders correctly 1`] = `
<div
  className="ui-navigator"
>
  <div
    className="row"
  >
    <div
      className="col-6 text-left"
      style={
        Object {
          "paddingLeft": "40px",
          "paddingTop": "18px",
        }
      }
    >
      <h5
        style={
          Object {
            "color": "royalblue",
            "fontSize": "20px",
          }
        }
      >
        <strong>
          Users
        </strong>
      </h5>
    </div>
    <div
      className="col-6 text-right"
      onClick={[Function]}
      style={
        Object {
          "cursor": "pointer",
          "paddingLeft": "40px",
          "paddingTop": "18px",
        }
      }
    >
      <h5
        style={
          Object {
            "color": "royalblue",
            "fontSize": "20px",
            "textAlign": "center",
          }
        }
      >
        <svg
          aria-hidden={true}
          className="MuiSvgIcon-root MuiSvgIcon-fontSizeMedium css-i4bv87-MuiSvgIcon-root"
          data-testid="ExitToAppOutlinedIcon"
          focusable="false"
          viewBox="0 0 24 24"
        >
          <path
            d="M10.09 15.59 11.5 17l5-5-5-5-1.41 1.41L12.67 11H3v2h9.67l-2.58 2.59zM19 3H5c-1.11 0-2 .9-2 2v4h2V5h14v14H5v-4H3v4c0 1.1.89 2 2 2h14c1.1 0 2-.9 2-2V5c0-1.1-.9-2-2-2z"
          />
        </svg>
         Logout
      </h5>
    </div>
  </div>
</div>
`;
