// Jest Snapshot v1, https://goo.gl/fbAQLP

exports[`App Component App component renders correctly 1`] = `null`;
